dependencies:
- name: myapp
  repository: ""
  version: 1.2.4
