helmDefaults:
  atomic: false
  devel: false
  force: false
  recreatePods: false
  tillerless: false
  timeout: 0
  tls: false
  verify: false
  wait: false
releases:
- chart: ./dbmigrator
  labels:
    job: dbmigrator
  name: dbmigrator
- name: myapp
  version: 1.2.4
repositories:
- name: yourorg
  url: https://yourorg.example.com/charts