filepath: ""
repositories:
- name: yourorg
  url: https://yourorg.example.com/charts
releases:
- chart: ./dbmigrator
  name: dbmigrator
  labels:
    job: dbmigrator
- version: 1.2.4
  name: myapp
templates: {}
missingFileHandler: ""