dependencies:
- alias: expose
  name: exposecontroller
  repository: http://chartmuseum.jenkins-x.io
  version: 2.3.118
- alias: cleanup
  name: exposecontroller
  repository: http://chartmuseum.jenkins-x.io
  version: 2.3.118
- name: myapp
  repository: ""
  version: 1.2.4
