apps:
- name: jx-labs/jenkins-x-crds
- name: stable/nginx-ingress
- name: jenkins-x/jxboot-helmfile-resources
- name: jenkins-x/lighthouse
- name: jenkins-x/tekton
- name: dev/myapp
  version: 1.2.4
repositories:
- name: dev
  url: http://chartmuseum-jx.34.78.195.22.nip.io